2026-03-27 22:07:31,903 - [*] Training on: cuda
2026-03-27 22:07:45,220 - Epoch 001 | Loss: 0.4169 | Acc: 0.7717 | LR: 0.002000
2026-03-27 22:07:45,223 -    [V] New Best Acc: 0.7717
2026-03-27 22:07:48,197 - Epoch 002 | Loss: 0.3694 | Acc: 0.7792 | LR: 0.002000
2026-03-27 22:07:48,200 -    [V] New Best Acc: 0.7792
2026-03-27 22:07:51,183 - Epoch 003 | Loss: 0.3600 | Acc: 0.7248 | LR: 0.002000
2026-03-27 22:07:54,189 - Epoch 004 | Loss: 0.3558 | Acc: 0.7804 | LR: 0.002000
2026-03-27 22:07:54,192 -    [V] New Best Acc: 0.7804
2026-03-27 22:07:57,188 - Epoch 005 | Loss: 0.3544 | Acc: 0.7831 | LR: 0.002000
2026-03-27 22:07:57,191 -    [V] New Best Acc: 0.7831
2026-03-27 22:08:00,177 - Epoch 006 | Loss: 0.3527 | Acc: 0.7815 | LR: 0.002000
2026-03-27 22:08:03,162 - Epoch 007 | Loss: 0.3516 | Acc: 0.7820 | LR: 0.002000
2026-03-27 22:08:06,154 - Epoch 008 | Loss: 0.3518 | Acc: 0.7819 | LR: 0.002000
2026-03-27 22:08:09,131 - Epoch 009 | Loss: 0.3512 | Acc: 0.7833 | LR: 0.002000
2026-03-27 22:08:09,134 -    [V] New Best Acc: 0.7833
2026-03-27 22:08:12,120 - Epoch 010 | Loss: 0.3504 | Acc: 0.7827 | LR: 0.002000
2026-03-27 22:08:14,676 - Epoch 011 | Loss: 0.3502 | Acc: 0.7805 | LR: 0.002000
2026-03-27 22:08:17,647 - Epoch 012 | Loss: 0.3493 | Acc: 0.7827 | LR: 0.002000
2026-03-27 22:08:20,634 - Epoch 013 | Loss: 0.3485 | Acc: 0.7827 | LR: 0.002000
2026-03-27 22:08:23,622 - Epoch 014 | Loss: 0.3477 | Acc: 0.7825 | LR: 0.002000
2026-03-27 22:08:26,609 - Epoch 015 | Loss: 0.3487 | Acc: 0.7821 | LR: 0.002000
2026-03-27 22:08:29,580 - Epoch 016 | Loss: 0.3454 | Acc: 0.7835 | LR: 0.001000
2026-03-27 22:08:29,583 -    [V] New Best Acc: 0.7835
2026-03-27 22:08:32,561 - Epoch 017 | Loss: 0.3444 | Acc: 0.7824 | LR: 0.001000
2026-03-27 22:08:35,541 - Epoch 018 | Loss: 0.3450 | Acc: 0.7832 | LR: 0.001000
2026-03-27 22:08:38,520 - Epoch 019 | Loss: 0.3448 | Acc: 0.7824 | LR: 0.001000
2026-03-27 22:08:41,499 - Epoch 020 | Loss: 0.3446 | Acc: 0.7837 | LR: 0.001000
2026-03-27 22:08:41,502 -    [V] New Best Acc: 0.7837
2026-03-27 22:08:44,313 - Epoch 021 | Loss: 0.3432 | Acc: 0.7820 | LR: 0.001000
2026-03-27 22:08:47,392 - Epoch 022 | Loss: 0.3442 | Acc: 0.7827 | LR: 0.001000
2026-03-27 22:08:50,479 - Epoch 023 | Loss: 0.3432 | Acc: 0.7826 | LR: 0.001000
2026-03-27 22:08:53,557 - Epoch 024 | Loss: 0.3430 | Acc: 0.7817 | LR: 0.001000
2026-03-27 22:08:56,651 - Epoch 025 | Loss: 0.3433 | Acc: 0.7820 | LR: 0.001000
2026-03-27 22:08:59,721 - Epoch 026 | Loss: 0.3429 | Acc: 0.7820 | LR: 0.001000
2026-03-27 22:14:20,964 - INFO - [*] Khởi động huấn luyện trên: cuda
2026-03-27 22:14:31,019 - INFO - [*] Bắt đầu Train với 33600 mẫu, Validate với 8400 mẫu.
